// Jest Snapshot v1, https://goo.gl/fbAQLP

exports[`PrefixFileFormat dispatches expected defaultOptions in background context 1`] = `
Array [
  Array [
    Object {
      "payload": Object {
        "options": Immutable.Map {
          "passwordFirstLine": true,
          "passwordPrefix": "",
          "usernamePrefix": "login:",
          "trimWhitespace": true,
        },
        "strategyName": "PrefixFileFormat",
        "strategyType": "FileFormat",
      },
      "type": "OPTIONS/SET_STRATEGY_DEFAULT_OPTIONS",
    },
  ],
]
`;
